\BOOKMARK [1][-]{section.1}{\376\377\000I\000n\000t\000r\000o\000d\000u\000c\000t\000i\000o\000n}{}% 1
\BOOKMARK [2][-]{subsection.1.1}{\376\377\000M\000o\000t\000i\000v\000a\000t\000i\000o\000n\000:\000\040\000t\000a\000m\000p\000e\000r\000-\000e\000v\000i\000d\000e\000n\000t\000\040\000r\000e\000c\000o\000r\000d\000i\000n\000g}{section.1}% 2
\BOOKMARK [2][-]{subsection.1.2}{\376\377\000T\000h\000e\000\040\000e\000m\000i\000t\000\040\000/\000\040\000d\000e\000t\000e\000c\000t\000\040\000/\000\040\000t\000r\000a\000n\000s\000f\000o\000r\000m\000\040\000l\000o\000o\000p}{section.1}% 3
\BOOKMARK [2][-]{subsection.1.3}{\376\377\000V\000e\000r\000i\000f\000i\000c\000a\000t\000i\000o\000n\000\040\000b\000y\000\040\000d\000i\000f\000f\000u\000s\000i\000o\000n\000\040\000r\000e\000s\000i\000d\000u\000a\000l}{section.1}% 4
\BOOKMARK [2][-]{subsection.1.4}{\376\377\000S\000c\000o\000p\000e\000\040\000a\000n\000d\000\040\000h\000o\000n\000e\000s\000t\000\040\000l\000i\000m\000i\000t\000a\000t\000i\000o\000n\000s}{section.1}% 5
\BOOKMARK [2][-]{subsection.1.5}{\376\377\000C\000o\000n\000t\000r\000i\000b\000u\000t\000i\000o\000n\000s}{section.1}% 6
\BOOKMARK [1][-]{section.2}{\376\377\000S\000y\000s\000t\000e\000m\000\040\000O\000v\000e\000r\000v\000i\000e\000w\000\040\000a\000n\000d\000\040\000T\000h\000r\000e\000a\000t\000\040\000M\000o\000d\000e\000l}{}% 7
\BOOKMARK [2][-]{subsection.2.1}{\376\377\000S\000y\000s\000t\000e\000m\000\040\000o\000v\000e\000r\000v\000i\000e\000w\000:\000\040\000a\000\040\000c\000h\000a\000i\000n\000-\000c\000o\000u\000p\000l\000e\000d\000\040\000p\000r\000o\000j\000e\000c\000t\000o\000r\040\023\000c\000a\000m\000e\000r\000a\000\040\000l\000o\000o\000p}{section.2}% 8
\BOOKMARK [2][-]{subsection.2.2}{\376\377\000W\000h\000a\000t\000\040\000a\000\040\000v\000e\000r\000i\000f\000i\000e\000r\000\040\000o\000b\000s\000e\000r\000v\000e\000s}{section.2}% 9
\BOOKMARK [2][-]{subsection.2.3}{\376\377\000T\000h\000r\000e\000a\000t\000\040\000m\000o\000d\000e\000l}{section.2}% 10
\BOOKMARK [2][-]{subsection.2.4}{\376\377\000T\000r\000u\000s\000t\000\040\000a\000s\000s\000u\000m\000p\000t\000i\000o\000n\000s}{section.2}% 11
\BOOKMARK [2][-]{subsection.2.5}{\376\377\000W\000h\000a\000t\000\040\000`\000`\000v\000e\000r\000i\000f\000i\000c\000a\000t\000i\000o\000n\000'\000'\000\040\000m\000e\000a\000n\000s\000\040\000h\000e\000r\000e}{section.2}% 12
\BOOKMARK [1][-]{section.3}{\376\377\000T\000h\000e\000\040\000T\000r\000u\000t\000h\000\040\000B\000e\000a\000m\000\040\000P\000r\000o\000t\000o\000c\000o\000l\000\040\000\046\000\040\000C\000r\000y\000p\000t\000o\000g\000r\000a\000p\000h\000i\000c\000\040\000C\000h\000a\000i\000n}{}% 13
\BOOKMARK [2][-]{subsection.3.1}{\376\377\000O\000v\000e\000r\000v\000i\000e\000w\000\040\000a\000n\000d\000\040\000n\000o\000t\000a\000t\000i\000o\000n}{section.3}% 14
\BOOKMARK [2][-]{subsection.3.2}{\376\377\000P\000e\000r\000-\000c\000h\000a\000n\000n\000e\000l\000\040\000B\000L\000A\000K\000E\0003\000-\000X\000O\000F\000\040\000s\000e\000e\000d\000\040\000d\000e\000r\000i\000v\000a\000t\000i\000o\000n}{section.3}% 15
\BOOKMARK [2][-]{subsection.3.3}{\376\377\000P\000e\000r\000-\000c\000h\000a\000n\000n\000e\000l\000\040\0004\0003\000,\0001\0001\0000\000-\000b\000y\000t\000e\000\040\000e\000x\000p\000a\000n\000s\000i\000o\000n\000\040\000i\000n\000t\000o\000\040\000f\000B\000m\000\040\000o\000c\000t\000a\000v\000e\000s}{section.3}% 16
\BOOKMARK [2][-]{subsection.3.4}{\376\377\000B\000i\000t\000-\000e\000x\000a\000c\000t\000\040\000e\000m\000i\000s\000s\000i\000o\000n\000-\000t\000i\000l\000e\000\040\000r\000e\000n\000d\000e\000r\000i\000n\000g}{section.3}% 17
\BOOKMARK [2][-]{subsection.3.5}{\376\377\000C\000h\000a\000i\000n\000-\000s\000t\000a\000t\000e\000\040\000e\000v\000o\000l\000u\000t\000i\000o\000n\000\040\000a\000n\000d\000\040\000t\000a\000m\000p\000e\000r\000-\000e\000v\000i\000d\000e\000n\000c\000e}{section.3}% 18
\BOOKMARK [2][-]{subsection.3.6}{\376\377\000P\000r\000o\000t\000o\000c\000o\000l\000\040\000v\000e\000r\000s\000i\000o\000n\000s\000:\000\040\000v\0009\000\040\000a\000n\000d\000\040\000v\0001\0000}{section.3}% 19
\BOOKMARK [2][-]{subsection.3.7}{\376\377\000d\000r\000a\000n\000d\000\040\000b\000e\000a\000c\000o\000n\000\040\000b\000i\000n\000d\000i\000n\000g}{section.3}% 20
\BOOKMARK [2][-]{subsection.3.8}{\376\377\0008\000-\000b\000i\000t\000\040\000e\000n\000d\000-\000t\000o\000-\000e\000n\000d\000\040\000d\000a\000t\000a\000\040\000p\000a\000t\000h}{section.3}% 21
\BOOKMARK [2][-]{subsection.3.9}{\376\377\000F\000r\000a\000m\000e\000-\000t\000o\000-\000c\000h\000a\000i\000n\000\040\000o\000f\000f\000s\000e\000t\000\040\000c\000o\000n\000v\000e\000n\000t\000i\000o\000n}{section.3}% 22
\BOOKMARK [2][-]{subsection.3.10}{\376\377\000C\000h\000a\000i\000n\000-\000l\000o\000g\000\040\000s\000c\000h\000e\000m\000a}{section.3}% 23
\BOOKMARK [1][-]{section.4}{\376\377\000C\000a\000p\000t\000u\000r\000e\000\040\000a\000n\000d\000\040\000E\000m\000i\000s\000s\000i\000o\000n\000\040\000P\000i\000p\000e\000l\000i\000n\000e}{}% 24
\BOOKMARK [2][-]{subsection.4.1}{\376\377\000S\000e\000n\000s\000o\000r\000\040\000a\000n\000d\000\040\000b\000i\000t\000\040\000d\000e\000p\000t\000h}{section.4}% 25
\BOOKMARK [2][-]{subsection.4.2}{\376\377\000R\000a\000w\000\040\000f\000r\000a\000m\000e\000\040\000f\000o\000r\000m\000a\000t\000\040\000a\000n\000d\000\040\000c\000o\000l\000o\000r\000\040\000f\000i\000l\000t\000e\000r\000\040\000a\000r\000r\000a\000y}{section.4}% 26
\BOOKMARK [2][-]{subsection.4.3}{\376\377\000E\000m\000i\000s\000s\000i\000o\000n\000\040\000t\000i\000l\000e\000s\000\040\000a\000n\000d\000\040\000p\000r\000o\000j\000e\000c\000t\000i\000o\000n}{section.4}% 27
\BOOKMARK [2][-]{subsection.4.4}{\376\377\000C\000o\000m\000m\000i\000t\000\040\000r\000a\000t\000e\000\040\000a\000n\000d\000\040\000t\000h\000e\000\040\000c\000a\000p\000t\000u\000r\000e\000\137\000f\000r\000a\000m\000e\000\137\000i\000d\000\040\000s\000t\000r\000i\000d\000e\000\040\000a\000r\000t\000i\000f\000a\000c\000t}{section.4}% 28
\BOOKMARK [2][-]{subsection.4.5}{\376\377\000N\000o\000r\000m\000a\000l\000i\000z\000a\000t\000i\000o\000n\000\040\000a\000n\000d\000\040\000b\000l\000a\000c\000k\000-\000l\000e\000v\000e\000l\000\040\000h\000a\000n\000d\000l\000i\000n\000g}{section.4}% 29
\BOOKMARK [2][-]{subsection.4.6}{\376\377\000D\000a\000t\000a\000s\000e\000t\000\040\000i\000n\000v\000e\000n\000t\000o\000r\000y}{section.4}% 30
\BOOKMARK [1][-]{section.5}{\376\377\000V\000e\000r\000i\000f\000i\000c\000a\000t\000i\000o\000n\000\040\000M\000e\000t\000h\000o\000d\000o\000l\000o\000g\000y}{}% 31
\BOOKMARK [2][-]{subsection.5.1}{\376\377\000N\000e\000t\000w\000o\000r\000k\000\040\000a\000r\000c\000h\000i\000t\000e\000c\000t\000u\000r\000e}{section.5}% 32
\BOOKMARK [2][-]{subsection.5.2}{\376\377\000C\000o\000n\000t\000r\000o\000l\000N\000e\000t\000-\000s\000t\000y\000l\000e\000\040\000e\000m\000i\000s\000s\000i\000o\000n\000\040\000c\000o\000n\000d\000i\000t\000i\000o\000n\000i\000n\000g}{section.5}% 33
\BOOKMARK [2][-]{subsection.5.3}{\376\377\000D\000i\000f\000f\000u\000s\000i\000o\000n\000\040\000o\000b\000j\000e\000c\000t\000i\000v\000e\000\040\000a\000n\000d\000\040\000f\000o\000r\000w\000a\000r\000d\000\040\000p\000r\000o\000c\000e\000s\000s}{section.5}% 34
\BOOKMARK [2][-]{subsection.5.4}{\376\377\000T\000r\000a\000i\000n\000i\000n\000g\000\040\000c\000o\000r\000p\000u\000s\000\040\000a\000n\000d\000\040\000o\000p\000t\000i\000m\000i\000s\000a\000t\000i\000o\000n}{section.5}% 35
\BOOKMARK [2][-]{subsection.5.5}{\376\377\000R\000e\000s\000i\000d\000u\000a\000l\000-\000e\000n\000e\000r\000g\000y\000\040\000s\000c\000o\000r\000i\000n\000g}{section.5}% 36
\BOOKMARK [2][-]{subsection.5.6}{\376\377\000T\000h\000e\000\040\000s\000h\000u\000f\000f\000l\000e\000d\000-\000E\000\040\000c\000o\000n\000t\000r\000o\000l}{section.5}% 37
\BOOKMARK [2][-]{subsection.5.7}{\376\377\000U\000n\000c\000o\000n\000d\000i\000t\000i\000o\000n\000a\000l\000\040\000r\000e\000f\000e\000r\000e\000n\000c\000e\000\040\000a\000n\000d\000\040\000m\000u\000l\000t\000i\000-\000m\000e\000t\000h\000o\000d\000\040\000c\000r\000o\000s\000s\000-\000c\000h\000e\000c\000k\000s}{section.5}% 38
\BOOKMARK [2][-]{subsection.5.8}{\376\377\000S\000c\000o\000p\000e\000\040\000a\000n\000d\000\040\000l\000i\000m\000i\000t\000a\000t\000i\000o\000n\000s\000\040\000o\000f\000\040\000t\000h\000e\000\040\000m\000e\000t\000h\000o\000d\000o\000l\000o\000g\000y}{section.5}% 39
\BOOKMARK [1][-]{section.6}{\376\377\000R\000e\000s\000u\000l\000t\000s\000\040\000I\000:\000\040\000L\000e\000a\000r\000n\000a\000b\000l\000e\000\040\000C\000h\000a\000i\000n\000-\000C\000o\000u\000p\000l\000i\000n\000g\000,\000\040\000V\000e\000r\000i\000f\000i\000e\000r\000\040\000A\000c\000c\000u\000r\000a\000c\000y\000\040\000a\000n\000d\000\040\000G\000e\000n\000e\000r\000a\000l\000i\000z\000a\000t\000i\000o\000n}{}% 40
\BOOKMARK [2][-]{subsection.6.1}{\376\377\000H\000e\000a\000d\000l\000i\000n\000e\000\040\000v\000e\000r\000i\000f\000i\000e\000r\000\040\000a\000c\000c\000u\000r\000a\000c\000y}{section.6}% 41
\BOOKMARK [2][-]{subsection.6.2}{\376\377\000T\000h\000e\000\040\000c\000o\000u\000p\000l\000i\000n\000g\000\040\000s\000i\000g\000n\000a\000l\000\040\000i\000s\000\040\000r\000e\000a\000l\000,\000\040\000n\000o\000t\000\040\000a\000n\000\040\000e\000m\000i\000s\000s\000i\000o\000n\000-\000s\000t\000a\000t\000i\000s\000t\000i\000c\000s\000\040\000o\000r\000\040\000a\000r\000c\000h\000i\000t\000e\000c\000t\000u\000r\000e\000\040\000a\000r\000t\000i\000f\000a\000c\000t}{section.6}% 42
\BOOKMARK [2][-]{subsection.6.3}{\376\377\000F\000r\000a\000m\000e\000-\000l\000e\000v\000e\000l\000\040\000s\000e\000p\000a\000r\000a\000b\000i\000l\000i\000t\000y\000\040\000o\000n\000\040\000t\000h\000e\000\040\000f\000u\000l\000l\000\040\000c\000o\000r\000p\000u\000s}{section.6}% 43
\BOOKMARK [2][-]{subsection.6.4}{\376\377\000S\000a\000m\000e\000-\000r\000i\000g\000\040\000c\000r\000o\000s\000s\000-\000s\000e\000s\000s\000i\000o\000n\000\040\000a\000n\000d\000\040\000c\000r\000o\000s\000s\000-\000p\000r\000o\000t\000o\000c\000o\000l\000\040\000g\000e\000n\000e\000r\000a\000l\000i\000z\000a\000t\000i\000o\000n}{section.6}% 44
\BOOKMARK [2][-]{subsection.6.5}{\376\377\000S\000u\000m\000m\000a\000r\000y}{section.6}% 45
\BOOKMARK [1][-]{section.7}{\376\377\000R\000e\000s\000u\000l\000t\000s\000\040\000I\000I\000:\000\040\000A\000d\000v\000e\000r\000s\000a\000r\000i\000a\000l\000\040\000R\000e\000d\000-\000T\000e\000a\000m\000,\000\040\000O\000f\000f\000-\000B\000o\000d\000y\000\040\000C\000o\000u\000p\000l\000i\000n\000g\000,\000\040\000a\000n\000d\000\040\000t\000h\000e\000\040\000S\000u\000p\000e\000r\000v\000i\000s\000e\000d\000\040\000B\000a\000s\000e\000l\000i\000n\000e}{}% 46
\BOOKMARK [2][-]{subsection.7.1}{\376\377\000S\000t\000a\000g\000e\000\040\0000\000:\000\040\000a\000\040\000l\000e\000a\000r\000n\000e\000d\000\040\000f\000o\000r\000g\000e\000r\000\040\000\050\000F\000-\000A\000\040\000v\0001\000\051\000\040\000i\000s\000\040\000c\000a\000u\000g\000h\000t\000\040\000a\000t\000\040\000e\000v\000e\000r\000y\000\040\000c\000h\000e\000c\000k\000p\000o\000i\000n\000t}{section.7}% 47
\BOOKMARK [2][-]{subsection.7.2}{\376\377\000A\000t\000t\000a\000c\000k\000e\000r\000\040\000n\000o\000n\000-\000c\000o\000n\000v\000e\000r\000g\000e\000n\000c\000e\000\040\000u\000n\000d\000e\000r\000\040\000c\000o\000n\000t\000i\000n\000u\000e\000d\000\040\000t\000r\000a\000i\000n\000i\000n\000g}{section.7}% 48
\BOOKMARK [2][-]{subsection.7.3}{\376\377\000W\000h\000e\000r\000e\000\040\000t\000h\000e\000\040\000d\000i\000s\000c\000r\000i\000m\000i\000n\000a\000t\000i\000v\000e\000\040\000s\000i\000g\000n\000a\000l\000\040\000l\000i\000v\000e\000s\000:\000\040\000o\000f\000f\000-\000b\000o\000d\000y\000,\000\040\000n\000o\000t\000\040\000o\000n\000-\000b\000o\000d\000y}{section.7}% 49
\BOOKMARK [2][-]{subsection.7.4}{\376\377\000A\000\040\000s\000u\000p\000e\000r\000v\000i\000s\000e\000d\000\040\000b\000a\000s\000e\000l\000i\000n\000e\000\040\000\050\000P\000h\000a\000s\000e\000\040\000H\000\051\000:\000\040\000c\000o\000a\000r\000s\000e\000-\000a\000w\000a\000r\000e\000,\000\040\000f\000i\000n\000e\000-\000b\000l\000i\000n\000d}{section.7}% 50
\BOOKMARK [2][-]{subsection.7.5}{\376\377\000I\000t\000e\000m\000\040\0001\000:\000\040\000f\000i\000n\000e\000-\000g\000r\000a\000i\000n\000e\000d\000\040\000p\000e\000r\000t\000u\000r\000b\000a\000t\000i\000o\000n\000\040\000s\000e\000n\000s\000i\000t\000i\000v\000i\000t\000y\000\040\000o\000f\000\040\000t\000h\000e\000\040\000d\000i\000f\000f\000u\000s\000i\000o\000n\000\040\000v\000e\000r\000i\000f\000i\000e\000r}{section.7}% 51
\BOOKMARK [1][-]{section.8}{\376\377\000D\000i\000s\000c\000u\000s\000s\000i\000o\000n\000:\000\040\000S\000c\000o\000p\000e\000,\000\040\000L\000i\000m\000i\000t\000a\000t\000i\000o\000n\000s\000\040\000\046\000\040\000F\000u\000t\000u\000r\000e\000\040\000W\000o\000r\000k}{}% 52
\BOOKMARK [2][-]{subsection.8.1}{\376\377\000S\000c\000o\000p\000e\000:\000\040\000s\000a\000m\000e\000-\000r\000i\000g\000,\000\040\000t\000w\000o\000-\000s\000e\000s\000s\000i\000o\000n\000,\000\040\000s\000i\000n\000g\000l\000e\000-\000s\000u\000b\000j\000e\000c\000t}{section.8}% 53
\BOOKMARK [2][-]{subsection.8.2}{\376\377\000T\000h\000e\000\040\000s\000t\000r\000o\000n\000g\000\040\000a\000d\000a\000p\000t\000i\000v\000e\000\040\000a\000t\000t\000a\000c\000k\000e\000r\000\040\000i\000s\000\040\000f\000u\000t\000u\000r\000e\000\040\000w\000o\000r\000k}{section.8}% 54
\BOOKMARK [2][-]{subsection.8.3}{\376\377\000S\000u\000p\000e\000r\000v\000i\000s\000e\000d\000\040\000b\000a\000s\000e\000l\000i\000n\000e\000\040\000b\000l\000i\000n\000d\000n\000e\000s\000s\000\040\000t\000o\000\040\000f\000i\000n\000e\000\040\000p\000e\000r\000t\000u\000r\000b\000a\000t\000i\000o\000n\000s}{section.8}% 55
\BOOKMARK [2][-]{subsection.8.4}{\376\377\000E\000m\000i\000s\000s\000i\000o\000n\000s\000\040\000a\000r\000e\000\040\000r\000e\000c\000o\000v\000e\000r\000a\000b\000l\000e\000\040\000f\000r\000o\000m\000\040\000t\000h\000e\000\040\000c\000h\000a\000i\000n\000\040\000h\000a\000s\000h\000,\000\040\000a\000n\000d\000\040\000w\000h\000y\000\040\000t\000h\000i\000s\000\040\000n\000e\000e\000d\000s\000\040\000a\000\040\000b\000i\000t\000-\000e\000x\000a\000c\000t\000\040\000r\000e\000n\000d\000e\000r\000e\000r}{section.8}% 56
\BOOKMARK [2][-]{subsection.8.5}{\376\377\000P\000r\000i\000v\000a\000c\000y\000\040\000a\000n\000d\000\040\000c\000o\000n\000s\000e\000n\000t\000\040\000o\000f\000\040\000h\000u\000m\000a\000n\000-\000s\000u\000b\000j\000e\000c\000t\000\040\000c\000a\000p\000t\000u\000r\000e\000s}{section.8}% 57
\BOOKMARK [2][-]{subsection.8.6}{\376\377\000F\000u\000t\000u\000r\000e\000\040\000w\000o\000r\000k}{section.8}% 58
\BOOKMARK [1][-]{section.9}{\376\377\000R\000e\000l\000a\000t\000e\000d\000\040\000W\000o\000r\000k}{}% 59
\BOOKMARK [2][-]{subsection.9.1}{\376\377\000S\000t\000r\000u\000c\000t\000u\000r\000e\000d\000\040\000l\000i\000g\000h\000t\000\040\000a\000n\000d\000\040\000a\000c\000t\000i\000v\000e\000\040\000i\000l\000l\000u\000m\000i\000n\000a\000t\000i\000o\000n}{section.9}% 60
\BOOKMARK [2][-]{subsection.9.2}{\376\377\000M\000e\000d\000i\000a\000\040\000p\000r\000o\000v\000e\000n\000a\000n\000c\000e\000\040\000a\000n\000d\000\040\000c\000r\000y\000p\000t\000o\000g\000r\000a\000p\000h\000i\000c\000\040\000c\000o\000n\000t\000e\000n\000t\000\040\000s\000i\000g\000n\000i\000n\000g}{section.9}% 61
\BOOKMARK [2][-]{subsection.9.3}{\376\377\000D\000i\000f\000f\000u\000s\000i\000o\000n\000\040\000m\000o\000d\000e\000l\000s\000\040\000a\000s\000\040\000a\000n\000o\000m\000a\000l\000y\000\040\000a\000n\000d\000\040\000l\000i\000k\000e\000l\000i\000h\000o\000o\000d\000\040\000d\000e\000t\000e\000c\000t\000o\000r\000s}{section.9}% 62
\BOOKMARK [2][-]{subsection.9.4}{\376\377\000C\000o\000n\000d\000i\000t\000i\000o\000n\000i\000n\000g\000\040\000t\000h\000e\000\040\000v\000e\000r\000i\000f\000i\000e\000r\000\040\000o\000n\000\040\000t\000h\000e\000\040\000e\000m\000i\000s\000s\000i\000o\000n}{section.9}% 63
\BOOKMARK [2][-]{subsection.9.5}{\376\377\000V\000e\000r\000i\000f\000i\000a\000b\000l\000e\000\040\000d\000i\000s\000t\000r\000i\000b\000u\000t\000e\000d\000\040\000r\000a\000n\000d\000o\000m\000n\000e\000s\000s}{section.9}% 64
\BOOKMARK [2][-]{subsection.9.6}{\376\377\000P\000o\000s\000i\000t\000i\000o\000n\000i\000n\000g}{section.9}% 65
\BOOKMARK [1][-]{section.10}{\376\377\000D\000a\000t\000a\000,\000\040\000C\000o\000d\000e\000\040\000\046\000\040\000R\000e\000p\000r\000o\000d\000u\000c\000i\000b\000i\000l\000i\000t\000y}{}% 66
\BOOKMARK [2][-]{subsection.10.1}{\376\377\000S\000c\000o\000p\000e\000\040\000o\000f\000\040\000t\000h\000e\000\040\000r\000e\000l\000e\000a\000s\000e}{section.10}% 67
\BOOKMARK [2][-]{subsection.10.2}{\376\377\000R\000a\000w\000\040\000c\000a\000p\000t\000u\000r\000e\000\040\000f\000r\000a\000m\000e\000s}{section.10}% 68
\BOOKMARK [2][-]{subsection.10.3}{\376\377\000C\000h\000a\000i\000n\000\040\000l\000o\000g\000s}{section.10}% 69
\BOOKMARK [2][-]{subsection.10.4}{\376\377\000R\000e\000n\000d\000e\000r\000e\000d\000\040\000e\000m\000i\000s\000s\000i\000o\000n\000\040\000t\000i\000l\000e\000s}{section.10}% 70
\BOOKMARK [2][-]{subsection.10.5}{\376\377\000D\000e\000r\000i\000v\000e\000d\000\040\000a\000n\000a\000l\000y\000s\000i\000s\000\040\000p\000r\000o\000d\000u\000c\000t\000s}{section.10}% 71
\BOOKMARK [2][-]{subsection.10.6}{\376\377\000V\000e\000r\000i\000f\000i\000e\000r\000\040\000c\000h\000e\000c\000k\000p\000o\000i\000n\000t\000s}{section.10}% 72
\BOOKMARK [2][-]{subsection.10.7}{\376\377\000S\000o\000u\000r\000c\000e\000\040\000c\000o\000d\000e}{section.10}% 73
\BOOKMARK [2][-]{subsection.10.8}{\376\377\000R\000e\000p\000r\000o\000d\000u\000c\000i\000b\000i\000l\000i\000t\000y\000\040\000e\000n\000t\000r\000y\000\040\000p\000o\000i\000n\000t\000s}{section.10}% 74
\BOOKMARK [2][-]{subsection.10.9}{\376\377\000H\000u\000m\000a\000n\000-\000s\000u\000b\000j\000e\000c\000t\000\040\000c\000a\000p\000t\000u\000r\000e\000s\000\040\000a\000n\000d\000\040\000p\000r\000i\000v\000a\000c\000y}{section.10}% 75
\BOOKMARK [2][-]{subsection.10.10}{\376\377\000L\000i\000c\000e\000n\000s\000e}{section.10}% 76
\BOOKMARK [1][-]{section.11}{\376\377\000C\000o\000n\000c\000l\000u\000s\000i\000o\000n}{}% 77
\BOOKMARK [2][-]{subsection.11.1}{\376\377\000W\000h\000a\000t\000\040\000i\000s\000\040\000e\000s\000t\000a\000b\000l\000i\000s\000h\000e\000d}{section.11}% 78
\BOOKMARK [2][-]{subsection.11.2}{\376\377\000W\000h\000a\000t\000\040\000r\000e\000m\000a\000i\000n\000s\000\040\000o\000p\000e\000n}{section.11}% 79
\BOOKMARK [2][-]{subsection.11.3}{\376\377\000R\000e\000l\000a\000t\000i\000o\000n\000\040\000t\000o\000\040\000t\000h\000e\000\040\000p\000a\000t\000e\000n\000t}{section.11}% 80
